  Determining projects to restore...
  All projects are up-to-date for restore.
  Shopizy.Domain -> d:\Projects\shopizy\src\Shopizy.Domain\bin\Debug\net10.0\Shopizy.Domain.dll
d:\Projects\shopizy\src\Shopizy.Application\Payments\Commands\CashOnDeliverySale\CashOnDeliverySaleCommandHandler.cs(64,26): warning CS0168: The variable 'ex' is declared but never used [d:\Projects\shopizy\src\Shopizy.Application\Shopizy.Application.csproj]
d:\Projects\shopizy\src\Shopizy.Application\Common\Caching\RedisCacheHelper.cs(47,47): error CS0121: The call is ambiguous between the following methods or properties: 'JsonSerializer.Deserialize<TValue>(ReadOnlySpan<byte>, JsonSerializerOptions?)' and 'JsonSerializer.Deserialize<TValue>(string, JsonSerializerOptions?)' [d:\Projects\shopizy\src\Shopizy.Application\Shopizy.Application.csproj]
d:\Projects\shopizy\src\Shopizy.Application\Payments\Commands\CardNotPresentSale\CardNotPresentSaleCommandHandler.cs(120,26): warning CS0168: The variable 'ex' is declared but never used [d:\Projects\shopizy\src\Shopizy.Application\Shopizy.Application.csproj]
d:\Projects\shopizy\src\Shopizy.Application\Users\Queries\GetUser\GetUserQueryHandler.cs(34,26): warning CS0168: The variable 'ex' is declared but never used [d:\Projects\shopizy\src\Shopizy.Application\Shopizy.Application.csproj]
d:\Projects\shopizy\src\Shopizy.Application\Users\Queries\GetUser\GetUserQueryHandler.cs(77,26): warning CS0168: The variable 'ex' is declared but never used [d:\Projects\shopizy\src\Shopizy.Application\Shopizy.Application.csproj]
d:\Projects\shopizy\src\Shopizy.Application\Categories\Queries\CategoriesTree\CategoryTree.cs(8,32): warning CA1002: Change 'List<CategoryTree>' in 'CategoryTree.Children' to use 'Collection<T>', 'ReadOnlyCollection<T>' or 'KeyedCollection<K,V>' (https://learn.microsoft.com/dotnet/fundamentals/code-analysis/quality-rules/ca1002) [d:\Projects\shopizy\src\Shopizy.Application\Shopizy.Application.csproj]
d:\Projects\shopizy\src\Shopizy.Application\Common\models\CreateSaleResponse.cs(17,25): warning CA1002: Change 'List<string>' in 'CreateSaleResponse.PaymentMethodTypes' to use 'Collection<T>', 'ReadOnlyCollection<T>' or 'KeyedCollection<K,V>' (https://learn.microsoft.com/dotnet/fundamentals/code-analysis/quality-rules/ca1002) [d:\Projects\shopizy\src\Shopizy.Application\Shopizy.Application.csproj]
d:\Projects\shopizy\src\Shopizy.Application\Common\models\CreateSaleRequest.cs(9,26): warning CA1002: Change 'List<string>' in 'CreateSaleRequest.PaymentMethodTypes' to use 'Collection<T>', 'ReadOnlyCollection<T>' or 'KeyedCollection<K,V>' (https://learn.microsoft.com/dotnet/fundamentals/code-analysis/quality-rules/ca1002) [d:\Projects\shopizy\src\Shopizy.Application\Shopizy.Application.csproj]

Build FAILED.

d:\Projects\shopizy\src\Shopizy.Application\Payments\Commands\CashOnDeliverySale\CashOnDeliverySaleCommandHandler.cs(64,26): warning CS0168: The variable 'ex' is declared but never used [d:\Projects\shopizy\src\Shopizy.Application\Shopizy.Application.csproj]
d:\Projects\shopizy\src\Shopizy.Application\Payments\Commands\CardNotPresentSale\CardNotPresentSaleCommandHandler.cs(120,26): warning CS0168: The variable 'ex' is declared but never used [d:\Projects\shopizy\src\Shopizy.Application\Shopizy.Application.csproj]
d:\Projects\shopizy\src\Shopizy.Application\Users\Queries\GetUser\GetUserQueryHandler.cs(34,26): warning CS0168: The variable 'ex' is declared but never used [d:\Projects\shopizy\src\Shopizy.Application\Shopizy.Application.csproj]
d:\Projects\shopizy\src\Shopizy.Application\Users\Queries\GetUser\GetUserQueryHandler.cs(77,26): warning CS0168: The variable 'ex' is declared but never used [d:\Projects\shopizy\src\Shopizy.Application\Shopizy.Application.csproj]
d:\Projects\shopizy\src\Shopizy.Application\Categories\Queries\CategoriesTree\CategoryTree.cs(8,32): warning CA1002: Change 'List<CategoryTree>' in 'CategoryTree.Children' to use 'Collection<T>', 'ReadOnlyCollection<T>' or 'KeyedCollection<K,V>' (https://learn.microsoft.com/dotnet/fundamentals/code-analysis/quality-rules/ca1002) [d:\Projects\shopizy\src\Shopizy.Application\Shopizy.Application.csproj]
d:\Projects\shopizy\src\Shopizy.Application\Common\models\CreateSaleResponse.cs(17,25): warning CA1002: Change 'List<string>' in 'CreateSaleResponse.PaymentMethodTypes' to use 'Collection<T>', 'ReadOnlyCollection<T>' or 'KeyedCollection<K,V>' (https://learn.microsoft.com/dotnet/fundamentals/code-analysis/quality-rules/ca1002) [d:\Projects\shopizy\src\Shopizy.Application\Shopizy.Application.csproj]
d:\Projects\shopizy\src\Shopizy.Application\Common\models\CreateSaleRequest.cs(9,26): warning CA1002: Change 'List<string>' in 'CreateSaleRequest.PaymentMethodTypes' to use 'Collection<T>', 'ReadOnlyCollection<T>' or 'KeyedCollection<K,V>' (https://learn.microsoft.com/dotnet/fundamentals/code-analysis/quality-rules/ca1002) [d:\Projects\shopizy\src\Shopizy.Application\Shopizy.Application.csproj]
d:\Projects\shopizy\src\Shopizy.Application\Common\Caching\RedisCacheHelper.cs(47,47): error CS0121: The call is ambiguous between the following methods or properties: 'JsonSerializer.Deserialize<TValue>(ReadOnlySpan<byte>, JsonSerializerOptions?)' and 'JsonSerializer.Deserialize<TValue>(string, JsonSerializerOptions?)' [d:\Projects\shopizy\src\Shopizy.Application\Shopizy.Application.csproj]
    7 Warning(s)
    1 Error(s)

Time Elapsed 00:00:00.73
